[www.daisylife.in/pages/conscious-living.html]
[www.daisylife.in/cdn/shop/t/90/assets/theme75de.css]
[www.daisylife.in/cdn/shop/t/90/assets/chunkda66.css]
[www.daisylife.in/cdn/shop/t/90/assets/vendor.min1d7e.js]
[www.daisylife.in/cdn/shop/t/90/assets/app.min970b.js]
[www.daisylife.in/cdn/shop/t/90/assets/foxkit-app.min274f.js]
[www.daisylife.in/cdn/shop/files/DaisyLife_237a6.png]
[backblue.gif]
[fade.gif]
[index.html]
[www.daisylife.in/cdn/shop/files/Untitled_design_4_2361a656-19c1-4a2e-88e8-f6a8eee91a3be8da.png]
[www.daisylife.in/cdn/shop/t/90/assets/vendord305.css]
[www.daisylife.in/cdn/shop/t/90/assets/customd0cc.css]
[www.daisylife.in/cdn/shop/t/90/assets/theme-global6d22.js]
[www.daisylife.in/checkouts/internal/preloadsd568.js]
[www.daisylife.in/cdn/shopifycloud/shopify/assets/storefront/load_feature-9f951eb7d8d53973c719de211f807d63af81c644e5b9a6ae72661ac408d472f6.js]
[www.daisylife.in/cdn/shopifycloud/shopify/assets/storefront/features-1c0b396bd4d054b94abae1eb6a1bd6ba47beb35525c57a217c77a862ff06d83f.js]
[fastrr-boost-ui.pickrr.com/assets/styles/shopify.css]
[fastrr-boost-ui.pickrr.com/assets/js/channels/shopify.js]
[cdn.shopify.com/extensions/eecfcc1b-ca78-40f5-9039-a6a17cf16acb/foxkit-sales-boost-255/assets/main.css]
[cdn.shopify.com/extensions/eecfcc1b-ca78-40f5-9039-a6a17cf16acb/foxkit-sales-boost-255/assets/vendor.js]
[cdn.shopify.com/extensions/eecfcc1b-ca78-40f5-9039-a6a17cf16acb/foxkit-sales-boost-255/assets/main.js]
[cdn.shopify.com/extensions/eecfcc1b-ca78-40f5-9039-a6a17cf16acb/foxkit-sales-boost-255/assets/global.js]
[www.daisylife.in/pages/GET]
[cdn.judge.me/shopify_v2.css]
[www.daisylife.in/pages/POST.24.delayed]
[www.daisylife.in/cdn/s/trekkie.storefront.6feac1db1e2c7d84269967dcaefdee0618af51f6.min.js]
[www.daisylife.in/cdn/shopifycloud/shopify/assets/shop_events_listener-61fa9e0a912c675e178777d2b27f6cbd482f8912a6b0aa31fa3515985a8cd626.js]
[www.daisylife.in/cdn/shopifycloud/boomerang/shopify-boomerang-1.0.0.min.js]
[www.daisylife.in/cdn/shop/t/90/assets/header.minef94.js]
[www.daisylife.in/pages/about-us.html]
[www.daisylife.in/cdn/shop/files/DaisyLife_Logo_ae00fd36-dddd-46b5-b415-7877ae937622f651.png]
[www.daisylife.in/pages/wishlist.html]
[www.daisylife.in/pages/daisylife-diaries.html]
[www.daisylife.in/pages/all-things-natural.html]
[www.daisylife.in/cdn/shop/t/90/assets/hero16d3.css]
[www.daisylife.in/cdn/shop/files/DAISYLIFE_CONSCIOUS_LIVINGdebe.jpg]
[www.daisylife.in/cdn/shop/files/DAISYLIFE_CONSCIOUS_LIVINGdb2a.jpg]
[www.daisylife.in/cdn/shop/t/90/assets/custom-content3f66.css]
[www.daisylife.in/cdn/shop/files/149e8e.jpg]
[www.daisylife.in/cdn/shop/files/14015a.jpg]
[www.daisylife.in/cdn/shop/files/Handicraft_raw_materialsfe74.jpg]
[www.daisylife.in/cdn/shop/files/Handicraft_raw_materialsff88.jpg]
[www.daisylife.in/cdn/shop/files/Handicraft_makingfe74.jpg]
[www.daisylife.in/cdn/shop/files/Handicraft_makingff88.jpg]
[www.daisylife.in/cdn/shop/t/90/assets/image-card0b01.css]
[www.daisylife.in/cdn/shop/files/12_30a91521-512f-4cc8-bf0b-8d8ea7cc402fe34a.jpg]
[www.daisylife.in/cdn/shop/files/12_30a91521-512f-4cc8-bf0b-8d8ea7cc402f40f7.jpg]
[www.daisylife.in/cdn/shop/files/Untitled_design_0df97a8f-29d2-4272-8cba-19498a61626fc862.jpg]
[www.daisylife.in/cdn/shop/files/Untitled_design_0df97a8f-29d2-4272-8cba-19498a61626f0ceb.jpg]
[www.daisylife.in/cdn/shop/files/Untitled_design_1_8e0961ed-773b-40e2-b7e9-ea45d30f6a1625ee.jpg]
[www.daisylife.in/cdn/shop/files/Untitled_design_1_8e0961ed-773b-40e2-b7e9-ea45d30f6a1647b4.jpg]
[www.daisylife.in/cdn/shop/files/Untitled_design_2_b81bc2a1-4522-4425-aa83-00261ec6cc79ec9d.jpg]
[www.daisylife.in/cdn/shop/files/Untitled_design_2_b81bc2a1-4522-4425-aa83-00261ec6cc790a28.jpg]
[www.daisylife.in/cdn/shop/files/Blog_banners_66373047-2d46-4e9a-b7c3-10d34ef336a7f7fd.png]
[www.daisylife.in/cdn/shop/files/Blog_banners_66373047-2d46-4e9a-b7c3-10d34ef336a7ac3a.png]
[www.daisylife.in/cdn/shop/t/90/assets/blog-template7891.css]
[www.daisylife.in/cdn/shop/articles/surreal_gifting_starts_here_meet_our_all_natural_basket_hamperscf0e.jpg]
[www.daisylife.in/cdn/shop/articles/surreal_gifting_starts_here_meet_our_all_natural_basket_hampers5d9c.jpg]
[www.daisylife.in/cdn/shop/articles/Early_homesb934.jpg]
[www.daisylife.in/cdn/shop/articles/Early_homes3614.jpg]
[www.daisylife.in/cdn/shop/articles/Human_and_nature2088.jpg]
[www.daisylife.in/cdn/shop/articles/Human_and_naturebb3e.jpg]
[www.daisylife.in/cdn/shop/articles/Wicker_Cat_Basket_31f75.jpg]
[www.daisylife.in/cdn/shop/articles/Wicker_Cat_Basket_3337f.jpg]
[www.daisylife.in/cdn/shop/articles/Cover_36123d09-0db8-4f18-adf6-7615e8f0cb146ffc.jpg]
[www.daisylife.in/cdn/shop/articles/Cover_36123d09-0db8-4f18-adf6-7615e8f0cb146223.jpg]
[www.daisylife.in/cdn/shop/articles/Cover663a.jpg]
[www.daisylife.in/cdn/shop/articles/Coverc513.jpg]
[www.daisylife.in/pages/contact.html]
[www.daisylife.in/pages/policies.html]
[www.daisylife.in/pages/shipping-and-return.html]
[www.daisylife.in/pages/product-faqs.html]
[www.daisylife.in/cdn/shop/t/90/assets/footer.min2612.js]
[www.daisylife.in/cdn/shop/t/90/assets/quick-view.mind07a.js]
[www.daisylife.in/cdn/shop/t/90/assets/product-card-swatch.mind0bb.js]
[www.daisylife.in/cdn/shop/t/90/assets/predictive-search.min0a4e.js]
[www.daisylife.in/pages/conscious-living.html]
[www.daisylife.in/cdn/shop/t/90/assets/theme75de.css]
[www.daisylife.in/cdn/shop/t/90/assets/chunkda66.css]
[www.daisylife.in/cdn/shop/t/90/assets/vendord305.css]
[www.daisylife.in/cdn/shop/t/90/assets/customd0cc.css]
[shop.app/checkouts/internal/preloads5db5.js]
[fastrr-boost-ui.pickrr.com/assets/styles/shopify.css]
[cdn.shopify.com/extensions/eecfcc1b-ca78-40f5-9039-a6a17cf16acb/foxkit-sales-boost-255/assets/main.css]
[www.daisylife.in/pages/GET.html]
[cdn.shopify.com/extensions/55090394-ad27-4f3b-95a0-2042aa90319e/qikify-smart-menu-mega-menu-17/assets/smartmenu-v2.js]
[s3.amazonaws.com/me.judge.public-static-assets/general/video-placeholder-640x480.jpg]
[cdn.judge.me/shopify_v2.css]
[www.daisylife.in/pages/POST.html]
[cdn.shopify.com/s/files/1/0095/2768/9282/files/For_documents_513b8120-4f5c-4f4e-87f7-0cfb3071e04f_480x480a3c6.jpg]
[www.daisylife.in/pages/about-us.html]
[www.daisylife.in/cdn/shop/t/90/assets/featured-collectione29f.css]
[www.daisylife.in/cdn/shop/t/90/assets/component-product-card155a.css]
[www.daisylife.in/cdn/shop/files/BambooTray_18a48.jpg]
[www.daisylife.in/cdn/shop/files/BambooTray_2_07fb20b1-fc20-4121-8b12-1c4e6b73ef9bfc4e.jpg]
[www.daisylife.in/cdn/shop/products/Bamboohookse1b1.jpg]
[www.daisylife.in/cdn/shop/products/Bamboohookscloseupsb052.jpg]
[www.daisylife.in/cdn/shop/files/JoSoapStand_18965.jpg]
[www.daisylife.in/cdn/shop/files/JoSoapStand_2e7fa.jpg]
[www.daisylife.in/cdn/shop/products/Bamboo-Gift-Bag-.22_75822.jpg]
[www.daisylife.in/cdn/shop/products/Bamboo-Gift-Bag-.22_484ae.jpg]
[www.daisylife.in/cdn/shop/products/Untitleddesign_1_184809de-d601-4c4f-a973-78912104f4199de1.png]
[www.daisylife.in/cdn/shop/products/bamboo-curry-spoona24e.jpg]
[www.daisylife.in/cdn/shop/products/Untitleddesign_6_b7a3feba-4cdd-48a9-beb5-ec95f5a97d0b7163.png]
[www.daisylife.in/cdn/shop/products/DaisyLifewoodencombs3437639e.jpg]
[www.daisylife.in/cdn/shop/products/4_a3fb4097-de49-4913-80cb-2b262ec9979f1b36.jpg]
[www.daisylife.in/cdn/shop/products/5_24a5d464-af39-45e2-8036-57d616e98239f8b7.jpg]
[www.daisylife.in/cdn/shop/products/bamboo-money-bank.2e0b3.png]
[www.daisylife.in/cdn/shop/products/bamboo-money-bank.32a2a.png]
[www.daisylife.in/cdn/shop/products/Patterns-Bamboo-tissue-box-.22_2cfdb.jpg]
[www.daisylife.in/cdn/shop/products/Patterns-Bamboo-tissue-box-.22_67cbc.jpg]
[www.daisylife.in/cdn/shop/files/JoyBambooGiftBox_14588.jpg]
[www.daisylife.in/cdn/shop/files/JoyBambooGiftBox_220f5.jpg]
[www.daisylife.in/cdn/shop/files/Heart-wicker-gift-basket_1569b.jpg]
[www.daisylife.in/cdn/shop/files/Heart-wicker-gift-basket_20e6f.jpg]
[www.daisylife.in/cdn/shop/products/4_9104bffd-95ef-4a1f-8940-3141018988977120.jpg]
[www.daisylife.in/cdn/shop/products/1_93d2cb23-b3c4-4f1a-82d3-e5abc128e8fa64ea.jpg]
[www.daisylife.in/pages/wishlist.html]
[cdn.shopify.com/s/files/1/0095/2768/9282/files/Cafe_Daisy_2f34e6b1-3c4f-435a-9931-fc382f5feb2eef4b.png]
[cdn.shopify.com/s/files/1/0095/2768/9282/files/Conscious_Living_1a7c138b-7b74-4580-a17a-66764d4fa8e17564.png]
[cdn.shopify.com/s/files/1/0095/2768/9282/files/Human-Nature_ed12b31b-806a-44a1-8ae7-6813e92ce7d32299.png]
[cdn.shopify.com/s/files/1/0095/2768/9282/files/Natural_Home_Decor_2298f777-a69e-4a27-8fd3-730a270c2789df30.png]
[cdn.shopify.com/s/files/1/0095/2768/9282/files/Nature_in_Daily_Life_f85e0282-0665-4971-ad48-7545543d3a8fe218.png]
[cdn.shopify.com/s/files/1/0095/2768/9282/files/Your_Stories_8a1790bf-74ca-4f27-92a0-42ac96791fc39757.png]
[www.daisylife.in/pages/daisylife-diaries.html]
[www.daisylife.in/cdn/shop/t/90/assets/about-usbb4f.css]
[www.daisylife.in/cdn/shop/t/90/assets/video0a89.css]
[www.daisylife.in/cdn/shop/files/People9737.jpg]
[www.daisylife.in/cdn/shop/files/Peoplec555.jpg]
[www.daisylife.in/cdn/shop/files/Communities7e5c.jpg]
[www.daisylife.in/cdn/shop/files/Communities0716.jpg]
[www.daisylife.in/cdn/shop/files/Planet7e5c.jpg]
[www.daisylife.in/cdn/shop/files/Planet0716.jpg]
[www.daisylife.in/pages/all-things-natural.html]
[www.daisylife.in/cdn/shop/t/90/assets/hero16d3.css]
[www.daisylife.in/cdn/shop/t/90/assets/custom-content3f66.css]
[www.daisylife.in/cdn/shop/t/90/assets/image-card0b01.css]
[www.daisylife.in/cdn/shop/t/90/assets/blog-template7891.css]
[www.daisylife.in/cdn/shop/files/Website_Banners_800_x_440px_1f64e.png]
[www.daisylife.in/cdn/shop/files/Website_Banners_800_x_440px_14552.png]
[www.daisylife.in/pages/contact.html]
[www.daisylife.in/pages/policies.html]
[www.daisylife.in/pages/shipping-and-return.html]
[www.daisylife.in/pages/product-faqs.html]
[www.daisylife.in/cdn/shop/t/90/assets/featured-collectione29f.css]
[www.daisylife.in/cdn/shop/t/90/assets/component-product-card155a.css]
[www.daisylife.in/cdn/shop/t/90/assets/about-usbb4f.css]
[www.daisylife.in/cdn/shop/t/90/assets/video0a89.css]
[www.daisylife.in/pages/privacy-policy.html]
[www.daisylife.in/pages/privacy-policy.html]
